{
    "-profile test": {
        "content": [
            3,
            {
                "GUNZIP": {
                    "gunzip": 1.13
                },
                "Workflow": {
                    "nf-core/bactmap": "v2.0.0"
                }
            },
            [
                "bowtie2",
                "bowtie2/build",
                "bowtie2/build/bowtie2",
                "bowtie2/build/bowtie2/genome.fna.1.bt2",
                "bowtie2/build/bowtie2/genome.fna.2.bt2",
                "bowtie2/build/bowtie2/genome.fna.3.bt2",
                "bowtie2/build/bowtie2/genome.fna.4.bt2",
                "bowtie2/build/bowtie2/genome.fna.rev.1.bt2",
                "bowtie2/build/bowtie2/genome.fna.rev.2.bt2",
                "bowtie2/build/versions.yml",
                "fastqscan",
                "fastqscan/raw",
                "fastqscan/raw/02_test_2.raw.json",
                "gunzip",
                "gunzip/genome.fna",
                "pipeline_info",
                "pipeline_info/nf_core_bactmap_software_mqc_versions.yml"
            ],
            [
                "genome.fna.1.bt2:md5,829b755b64d0ca0edfeacffdebef1c0b",
                "genome.fna.2.bt2:md5,4845f032a953c5a4da5cdf49723eebd2",
                "genome.fna.3.bt2:md5,6d1095f738d00d1bde2dc4f954b33179",
                "genome.fna.4.bt2:md5,ab585b4ebed19b28fb670547aecdccf0",
                "genome.fna.rev.1.bt2:md5,a1cc6383eb8d90710502a540f87bfa13",
                "genome.fna.rev.2.bt2:md5,871b69582268b9404cb1884a401cdc39",
                "versions.yml:md5,f986bc29ed66b12ac01d6a64a13c3227",
                "02_test_2.raw.json:md5,3cb79d84ea9de94940e4d1799c0e1c2b",
                "genome.fna:md5,dafd38f5454b54fbea38245d773062a5"
            ]
        ],
        "meta": {
            "nf-test": "0.9.3",
            "nextflow": "25.10.2"
        },
        "timestamp": "2026-01-16T16:58:28.749323"
    }
}