{
    "-profile test": {
        "content": [
            63,
            {
                "ALIGNPSEUDOGENOMES": {
                    "multi2single_sequence.py": 1.0
                },
                "BCFTOOLS_CONSENSUS": {
                    "bcftools": 1.2
                },
                "BCFTOOLS_FILTER": {
                    "bcftools": 1.22
                },
                "BCFTOOLS_INDEX": {
                    "bcftools": 1.22
                },
                "BCFTOOLS_NORM": {
                    "bcftools": 1.22
                },
                "BCFTOOLS_QUERY": {
                    "bcftools": 1.22
                },
                "BCFTOOLS_SORT": {
                    "bcftools": 1.22
                },
                "BCFTOOLS_STATS": {
                    "bcftools": 1.22
                },
                "BEDTOOLS_GENOMECOV": {
                    "bedtools": "2.31.1"
                },
                "BEDTOOLS_SUBTRACT": {
                    "bedtools": "2.31.1"
                },
                "BOWTIE2_ALIGN": {
                    "bowtie2": "2.5.4",
                    "samtools": 1.21,
                    "pigz": 2.8
                },
                "BOWTIE2_BUILD": {
                    "bowtie2": "2.5.4"
                },
                "FASTP_PAIRED": {
                    "fastp": "1.0.1"
                },
                "FASTQC": {
                    "fastqc": "0.12.1"
                },
                "FASTQC_PROCESSED": {
                    "fastqc": "0.12.1"
                },
                "FASTQSCANPARSE_PROCESSED": {
                    "fastqscan_parser.py": 1.0
                },
                "FASTQSCANPARSE_RAW": {
                    "fastqscan_parser.py": 1.0
                },
                "FASTQSCAN_PROCESSED": {
                    "fastqscan": "0.4.4"
                },
                "FASTQSCAN_RAW": {
                    "fastqscan": "0.4.4"
                },
                "FREEBAYES": {
                    "freebayes": "1.3.10"
                },
                "GET_GENOME_SIZE": {
                    "gawk": "5.3.0"
                },
                "GUNZIP": {
                    "gunzip": 1.13
                },
                "MINIMAP2_INDEX": {
                    "minimap2": "2.29-r1283"
                },
                "RASUSA": {
                    "rasusa": "0.3.0"
                },
                "READSTATS_PARSE": {
                    "read_stats_parser.py": 1.0
                },
                "READ_STATS": {
                    "read_stats.py": 1.0
                },
                "RENAME_FASTA_HEADER": {
                    "sed": 4.9
                },
                "SAMTOOLS_FAIDX": {
                    "samtools": "1.22.1"
                },
                "SAMTOOLS_FLAGSTAT": {
                    "samtools": "1.22.1"
                },
                "SAMTOOLS_IDXSTATS": {
                    "samtools": "1.22.1"
                },
                "SAMTOOLS_INDEX": {
                    "samtools": "1.22.1"
                },
                "SAMTOOLS_SORT": {
                    "samtools": "1.22.1"
                },
                "SAMTOOLS_STATS": {
                    "samtools": "1.22.1"
                },
                "SEQTK_COMP": {
                    "seqtk": "1.4-r122"
                },
                "SEQTK_PARSE": {
                    "seqtk_parser.py": 1.0
                },
                "Workflow": {
                    "nf-core/bactmap": "v2.0.0"
                }
            },
            [
                "bcftools",
                "bcftools/consensus",
                "bcftools/consensus/01.fa",
                "bcftools/consensus/02.fa",
                "bcftools/filter",
                "bcftools/filter/01.filtered.vcf.gz",
                "bcftools/filter/01.filtered.vcf.gz.tbi",
                "bcftools/filter/02.filtered.vcf.gz",
                "bcftools/filter/02.filtered.vcf.gz.tbi",
                "bcftools/query",
                "bcftools/query/01.txt",
                "bcftools/query/02.txt",
                "bcftools/sort",
                "bcftools/sort/01.sorted.vcf.gz",
                "bcftools/sort/01.sorted.vcf.gz.tbi",
                "bcftools/sort/02.sorted.vcf.gz",
                "bcftools/sort/02.sorted.vcf.gz.tbi",
                "bcftools/stats",
                "bcftools/stats/01.bcftools_stats.txt",
                "bcftools/stats/02.bcftools_stats.txt",
                "bedtools",
                "bedtools/genomecov",
                "bedtools/genomecov/01.bed",
                "bedtools/genomecov/02.bed",
                "bedtools/subtract",
                "bedtools/subtract/01.subtracted.bed",
                "bedtools/subtract/02.subtracted.bed",
                "bowtie2",
                "bowtie2/align",
                "bowtie2/align/01.bowtie2.log",
                "bowtie2/align/02.bowtie2.log",
                "bowtie2/build",
                "bowtie2/build/bowtie2",
                "bowtie2/build/bowtie2/genome.fna.1.bt2",
                "bowtie2/build/bowtie2/genome.fna.2.bt2",
                "bowtie2/build/bowtie2/genome.fna.3.bt2",
                "bowtie2/build/bowtie2/genome.fna.4.bt2",
                "bowtie2/build/bowtie2/genome.fna.rev.1.bt2",
                "bowtie2/build/bowtie2/genome.fna.rev.2.bt2",
                "bowtie2/build/versions.yml",
                "fastp",
                "fastp/01_test_1.fastp.html",
                "fastp/01_test_1.fastp.json",
                "fastp/01_test_1.fastp.log",
                "fastp/02_test_2.fastp.html",
                "fastp/02_test_2.fastp.json",
                "fastp/02_test_2.fastp.log",
                "fastqc",
                "fastqc/processed",
                "fastqc/processed/01_test_1_processed_1_fastqc.html",
                "fastqc/processed/01_test_1_processed_1_fastqc.zip",
                "fastqc/processed/01_test_1_processed_2_fastqc.html",
                "fastqc/processed/01_test_1_processed_2_fastqc.zip",
                "fastqc/processed/02_test_2_processed_1_fastqc.html",
                "fastqc/processed/02_test_2_processed_1_fastqc.zip",
                "fastqc/processed/02_test_2_processed_2_fastqc.html",
                "fastqc/processed/02_test_2_processed_2_fastqc.zip",
                "fastqc/raw",
                "fastqc/raw/01_test_1_raw_1_fastqc.html",
                "fastqc/raw/01_test_1_raw_1_fastqc.zip",
                "fastqc/raw/01_test_1_raw_2_fastqc.html",
                "fastqc/raw/01_test_1_raw_2_fastqc.zip",
                "fastqc/raw/02_test_2_raw_1_fastqc.html",
                "fastqc/raw/02_test_2_raw_1_fastqc.zip",
                "fastqc/raw/02_test_2_raw_2_fastqc.html",
                "fastqc/raw/02_test_2_raw_2_fastqc.zip",
                "fastqscan",
                "fastqscan/processed",
                "fastqscan/processed/01_test_1.processed.json",
                "fastqscan/processed/02_test_2.processed.json",
                "fastqscan/raw",
                "fastqscan/raw/01_test_1.raw.json",
                "fastqscan/raw/02_test_2.raw.json",
                "filtered_variants",
                "filtered_variants/01.filtered.norm.vcf.gz",
                "filtered_variants/01.filtered.norm.vcf.gz.tbi",
                "filtered_variants/02.filtered.norm.vcf.gz",
                "filtered_variants/02.filtered.norm.vcf.gz.tbi",
                "freebayes",
                "freebayes/01.vcf.gz",
                "freebayes/02.vcf.gz",
                "get",
                "gunzip",
                "gunzip/genome.fna",
                "minimap2",
                "minimap2/index",
                "minimap2/index/genome.mmi",
                "multiqc",
                "multiqc/multiqc_data",
                "multiqc/multiqc_data/fastp-insert-size-plot.txt",
                "multiqc/multiqc_data/fastp-seq-content-gc-plot_Read_1_After_filtering.txt",
                "multiqc/multiqc_data/fastp-seq-content-gc-plot_Read_1_Before_filtering.txt",
                "multiqc/multiqc_data/fastp-seq-content-gc-plot_Read_2_After_filtering.txt",
                "multiqc/multiqc_data/fastp-seq-content-gc-plot_Read_2_Before_filtering.txt",
                "multiqc/multiqc_data/fastp-seq-content-n-plot_Read_1_After_filtering.txt",
                "multiqc/multiqc_data/fastp-seq-content-n-plot_Read_1_Before_filtering.txt",
                "multiqc/multiqc_data/fastp-seq-content-n-plot_Read_2_After_filtering.txt",
                "multiqc/multiqc_data/fastp-seq-content-n-plot_Read_2_Before_filtering.txt",
                "multiqc/multiqc_data/fastp-seq-quality-plot_Read_1_After_filtering.txt",
                "multiqc/multiqc_data/fastp-seq-quality-plot_Read_1_Before_filtering.txt",
                "multiqc/multiqc_data/fastp-seq-quality-plot_Read_2_After_filtering.txt",
                "multiqc/multiqc_data/fastp-seq-quality-plot_Read_2_Before_filtering.txt",
                "multiqc/multiqc_data/fastp_filtered_reads_plot.txt",
                "multiqc/multiqc_data/fastqc-1-status-check-heatmap.txt",
                "multiqc/multiqc_data/fastqc-1_per_base_n_content_plot.txt",
                "multiqc/multiqc_data/fastqc-1_per_base_sequence_quality_plot.txt",
                "multiqc/multiqc_data/fastqc-1_per_sequence_gc_content_plot_Counts.txt",
                "multiqc/multiqc_data/fastqc-1_per_sequence_gc_content_plot_Percentages.txt",
                "multiqc/multiqc_data/fastqc-1_per_sequence_quality_scores_plot.txt",
                "multiqc/multiqc_data/fastqc-1_sequence_counts_plot.txt",
                "multiqc/multiqc_data/fastqc-1_sequence_duplication_levels_plot.txt",
                "multiqc/multiqc_data/fastqc-status-check-heatmap.txt",
                "multiqc/multiqc_data/fastqc_per_base_n_content_plot.txt",
                "multiqc/multiqc_data/fastqc_per_base_sequence_quality_plot.txt",
                "multiqc/multiqc_data/fastqc_per_sequence_gc_content_plot_Counts.txt",
                "multiqc/multiqc_data/fastqc_per_sequence_gc_content_plot_Percentages.txt",
                "multiqc/multiqc_data/fastqc_per_sequence_quality_scores_plot.txt",
                "multiqc/multiqc_data/fastqc_sequence_counts_plot.txt",
                "multiqc/multiqc_data/fastqc_sequence_duplication_levels_plot.txt",
                "multiqc/multiqc_data/fastqc_sequence_length_distribution_plot.txt",
                "multiqc/multiqc_data/llms-full.txt",
                "multiqc/multiqc_data/multiqc.log",
                "multiqc/multiqc_data/multiqc.parquet",
                "multiqc/multiqc_data/multiqc_bcftools_stats_bcftools.txt",
                "multiqc/multiqc_data/multiqc_citations.txt",
                "multiqc/multiqc_data/multiqc_data.json",
                "multiqc/multiqc_data/multiqc_fastp.txt",
                "multiqc/multiqc_data/multiqc_fastqc.txt",
                "multiqc/multiqc_data/multiqc_fastqc_fastqc-1.txt",
                "multiqc/multiqc_data/multiqc_general_stats.txt",
                "multiqc/multiqc_data/multiqc_samtools_stats_samtools.txt",
                "multiqc/multiqc_data/multiqc_software_versions.txt",
                "multiqc/multiqc_data/multiqc_sources.txt",
                "multiqc/multiqc_data/samtools-stats-dp.txt",
                "multiqc/multiqc_data/samtools_alignment_plot.txt",
                "multiqc/multiqc_plots",
                "multiqc/multiqc_plots/pdf",
                "multiqc/multiqc_plots/pdf/fastp-insert-size-plot.pdf",
                "multiqc/multiqc_plots/pdf/fastp-seq-content-gc-plot_Read_1_After_filtering.pdf",
                "multiqc/multiqc_plots/pdf/fastp-seq-content-gc-plot_Read_1_Before_filtering.pdf",
                "multiqc/multiqc_plots/pdf/fastp-seq-content-gc-plot_Read_2_After_filtering.pdf",
                "multiqc/multiqc_plots/pdf/fastp-seq-content-gc-plot_Read_2_Before_filtering.pdf",
                "multiqc/multiqc_plots/pdf/fastp-seq-content-n-plot_Read_1_After_filtering.pdf",
                "multiqc/multiqc_plots/pdf/fastp-seq-content-n-plot_Read_1_Before_filtering.pdf",
                "multiqc/multiqc_plots/pdf/fastp-seq-content-n-plot_Read_2_After_filtering.pdf",
                "multiqc/multiqc_plots/pdf/fastp-seq-content-n-plot_Read_2_Before_filtering.pdf",
                "multiqc/multiqc_plots/pdf/fastp-seq-quality-plot_Read_1_After_filtering.pdf",
                "multiqc/multiqc_plots/pdf/fastp-seq-quality-plot_Read_1_Before_filtering.pdf",
                "multiqc/multiqc_plots/pdf/fastp-seq-quality-plot_Read_2_After_filtering.pdf",
                "multiqc/multiqc_plots/pdf/fastp-seq-quality-plot_Read_2_Before_filtering.pdf",
                "multiqc/multiqc_plots/pdf/fastp_filtered_reads_plot-cnt.pdf",
                "multiqc/multiqc_plots/pdf/fastp_filtered_reads_plot-pct.pdf",
                "multiqc/multiqc_plots/pdf/fastqc-1-status-check-heatmap.pdf",
                "multiqc/multiqc_plots/pdf/fastqc-1_per_base_n_content_plot.pdf",
                "multiqc/multiqc_plots/pdf/fastqc-1_per_base_sequence_quality_plot.pdf",
                "multiqc/multiqc_plots/pdf/fastqc-1_per_sequence_gc_content_plot_Counts.pdf",
                "multiqc/multiqc_plots/pdf/fastqc-1_per_sequence_gc_content_plot_Percentages.pdf",
                "multiqc/multiqc_plots/pdf/fastqc-1_per_sequence_quality_scores_plot.pdf",
                "multiqc/multiqc_plots/pdf/fastqc-1_sequence_counts_plot-cnt.pdf",
                "multiqc/multiqc_plots/pdf/fastqc-1_sequence_counts_plot-pct.pdf",
                "multiqc/multiqc_plots/pdf/fastqc-1_sequence_duplication_levels_plot.pdf",
                "multiqc/multiqc_plots/pdf/fastqc-status-check-heatmap.pdf",
                "multiqc/multiqc_plots/pdf/fastqc_per_base_n_content_plot.pdf",
                "multiqc/multiqc_plots/pdf/fastqc_per_base_sequence_quality_plot.pdf",
                "multiqc/multiqc_plots/pdf/fastqc_per_sequence_gc_content_plot_Counts.pdf",
                "multiqc/multiqc_plots/pdf/fastqc_per_sequence_gc_content_plot_Percentages.pdf",
                "multiqc/multiqc_plots/pdf/fastqc_per_sequence_quality_scores_plot.pdf",
                "multiqc/multiqc_plots/pdf/fastqc_sequence_counts_plot-cnt.pdf",
                "multiqc/multiqc_plots/pdf/fastqc_sequence_counts_plot-pct.pdf",
                "multiqc/multiqc_plots/pdf/fastqc_sequence_duplication_levels_plot.pdf",
                "multiqc/multiqc_plots/pdf/fastqc_sequence_length_distribution_plot.pdf",
                "multiqc/multiqc_plots/pdf/samtools-stats-dp.pdf",
                "multiqc/multiqc_plots/pdf/samtools_alignment_plot-cnt.pdf",
                "multiqc/multiqc_plots/pdf/samtools_alignment_plot-pct.pdf",
                "multiqc/multiqc_plots/png",
                "multiqc/multiqc_plots/png/fastp-insert-size-plot.png",
                "multiqc/multiqc_plots/png/fastp-seq-content-gc-plot_Read_1_After_filtering.png",
                "multiqc/multiqc_plots/png/fastp-seq-content-gc-plot_Read_1_Before_filtering.png",
                "multiqc/multiqc_plots/png/fastp-seq-content-gc-plot_Read_2_After_filtering.png",
                "multiqc/multiqc_plots/png/fastp-seq-content-gc-plot_Read_2_Before_filtering.png",
                "multiqc/multiqc_plots/png/fastp-seq-content-n-plot_Read_1_After_filtering.png",
                "multiqc/multiqc_plots/png/fastp-seq-content-n-plot_Read_1_Before_filtering.png",
                "multiqc/multiqc_plots/png/fastp-seq-content-n-plot_Read_2_After_filtering.png",
                "multiqc/multiqc_plots/png/fastp-seq-content-n-plot_Read_2_Before_filtering.png",
                "multiqc/multiqc_plots/png/fastp-seq-quality-plot_Read_1_After_filtering.png",
                "multiqc/multiqc_plots/png/fastp-seq-quality-plot_Read_1_Before_filtering.png",
                "multiqc/multiqc_plots/png/fastp-seq-quality-plot_Read_2_After_filtering.png",
                "multiqc/multiqc_plots/png/fastp-seq-quality-plot_Read_2_Before_filtering.png",
                "multiqc/multiqc_plots/png/fastp_filtered_reads_plot-cnt.png",
                "multiqc/multiqc_plots/png/fastp_filtered_reads_plot-pct.png",
                "multiqc/multiqc_plots/png/fastqc-1-status-check-heatmap.png",
                "multiqc/multiqc_plots/png/fastqc-1_per_base_n_content_plot.png",
                "multiqc/multiqc_plots/png/fastqc-1_per_base_sequence_quality_plot.png",
                "multiqc/multiqc_plots/png/fastqc-1_per_sequence_gc_content_plot_Counts.png",
                "multiqc/multiqc_plots/png/fastqc-1_per_sequence_gc_content_plot_Percentages.png",
                "multiqc/multiqc_plots/png/fastqc-1_per_sequence_quality_scores_plot.png",
                "multiqc/multiqc_plots/png/fastqc-1_sequence_counts_plot-cnt.png",
                "multiqc/multiqc_plots/png/fastqc-1_sequence_counts_plot-pct.png",
                "multiqc/multiqc_plots/png/fastqc-1_sequence_duplication_levels_plot.png",
                "multiqc/multiqc_plots/png/fastqc-status-check-heatmap.png",
                "multiqc/multiqc_plots/png/fastqc_per_base_n_content_plot.png",
                "multiqc/multiqc_plots/png/fastqc_per_base_sequence_quality_plot.png",
                "multiqc/multiqc_plots/png/fastqc_per_sequence_gc_content_plot_Counts.png",
                "multiqc/multiqc_plots/png/fastqc_per_sequence_gc_content_plot_Percentages.png",
                "multiqc/multiqc_plots/png/fastqc_per_sequence_quality_scores_plot.png",
                "multiqc/multiqc_plots/png/fastqc_sequence_counts_plot-cnt.png",
                "multiqc/multiqc_plots/png/fastqc_sequence_counts_plot-pct.png",
                "multiqc/multiqc_plots/png/fastqc_sequence_duplication_levels_plot.png",
                "multiqc/multiqc_plots/png/fastqc_sequence_length_distribution_plot.png",
                "multiqc/multiqc_plots/png/samtools-stats-dp.png",
                "multiqc/multiqc_plots/png/samtools_alignment_plot-cnt.png",
                "multiqc/multiqc_plots/png/samtools_alignment_plot-pct.png",
                "multiqc/multiqc_plots/svg",
                "multiqc/multiqc_plots/svg/fastp-insert-size-plot.svg",
                "multiqc/multiqc_plots/svg/fastp-seq-content-gc-plot_Read_1_After_filtering.svg",
                "multiqc/multiqc_plots/svg/fastp-seq-content-gc-plot_Read_1_Before_filtering.svg",
                "multiqc/multiqc_plots/svg/fastp-seq-content-gc-plot_Read_2_After_filtering.svg",
                "multiqc/multiqc_plots/svg/fastp-seq-content-gc-plot_Read_2_Before_filtering.svg",
                "multiqc/multiqc_plots/svg/fastp-seq-content-n-plot_Read_1_After_filtering.svg",
                "multiqc/multiqc_plots/svg/fastp-seq-content-n-plot_Read_1_Before_filtering.svg",
                "multiqc/multiqc_plots/svg/fastp-seq-content-n-plot_Read_2_After_filtering.svg",
                "multiqc/multiqc_plots/svg/fastp-seq-content-n-plot_Read_2_Before_filtering.svg",
                "multiqc/multiqc_plots/svg/fastp-seq-quality-plot_Read_1_After_filtering.svg",
                "multiqc/multiqc_plots/svg/fastp-seq-quality-plot_Read_1_Before_filtering.svg",
                "multiqc/multiqc_plots/svg/fastp-seq-quality-plot_Read_2_After_filtering.svg",
                "multiqc/multiqc_plots/svg/fastp-seq-quality-plot_Read_2_Before_filtering.svg",
                "multiqc/multiqc_plots/svg/fastp_filtered_reads_plot-cnt.svg",
                "multiqc/multiqc_plots/svg/fastp_filtered_reads_plot-pct.svg",
                "multiqc/multiqc_plots/svg/fastqc-1-status-check-heatmap.svg",
                "multiqc/multiqc_plots/svg/fastqc-1_per_base_n_content_plot.svg",
                "multiqc/multiqc_plots/svg/fastqc-1_per_base_sequence_quality_plot.svg",
                "multiqc/multiqc_plots/svg/fastqc-1_per_sequence_gc_content_plot_Counts.svg",
                "multiqc/multiqc_plots/svg/fastqc-1_per_sequence_gc_content_plot_Percentages.svg",
                "multiqc/multiqc_plots/svg/fastqc-1_per_sequence_quality_scores_plot.svg",
                "multiqc/multiqc_plots/svg/fastqc-1_sequence_counts_plot-cnt.svg",
                "multiqc/multiqc_plots/svg/fastqc-1_sequence_counts_plot-pct.svg",
                "multiqc/multiqc_plots/svg/fastqc-1_sequence_duplication_levels_plot.svg",
                "multiqc/multiqc_plots/svg/fastqc-status-check-heatmap.svg",
                "multiqc/multiqc_plots/svg/fastqc_per_base_n_content_plot.svg",
                "multiqc/multiqc_plots/svg/fastqc_per_base_sequence_quality_plot.svg",
                "multiqc/multiqc_plots/svg/fastqc_per_sequence_gc_content_plot_Counts.svg",
                "multiqc/multiqc_plots/svg/fastqc_per_sequence_gc_content_plot_Percentages.svg",
                "multiqc/multiqc_plots/svg/fastqc_per_sequence_quality_scores_plot.svg",
                "multiqc/multiqc_plots/svg/fastqc_sequence_counts_plot-cnt.svg",
                "multiqc/multiqc_plots/svg/fastqc_sequence_counts_plot-pct.svg",
                "multiqc/multiqc_plots/svg/fastqc_sequence_duplication_levels_plot.svg",
                "multiqc/multiqc_plots/svg/fastqc_sequence_length_distribution_plot.svg",
                "multiqc/multiqc_plots/svg/samtools-stats-dp.svg",
                "multiqc/multiqc_plots/svg/samtools_alignment_plot-cnt.svg",
                "multiqc/multiqc_plots/svg/samtools_alignment_plot-pct.svg",
                "multiqc/multiqc_report.html",
                "pipeline_info",
                "pipeline_info/nf_core_bactmap_software_mqc_versions.yml",
                "pseudogenomes",
                "pseudogenomes/01.fa",
                "pseudogenomes/02.fa",
                "pseudogenomes/aligned_pseudogenomes.fas",
                "rasusa",
                "rasusa/01.subsampled_1.fastq.gz",
                "rasusa/01.subsampled_2.fastq.gz",
                "rasusa/02.subsampled_1.fastq.gz",
                "rasusa/02.subsampled_2.fastq.gz",
                "read_stats",
                "read_stats/01_test_1.read_stats.csv",
                "read_stats/02_test_2.read_stats.csv",
                "samtools",
                "samtools/faidx",
                "samtools/faidx/genome.fna.fai",
                "samtools/sort",
                "samtools/sort/01.sorted.bam",
                "samtools/sort/01.sorted.bam.bai",
                "samtools/sort/02.sorted.bam",
                "samtools/sort/02.sorted.bam.bai",
                "samtools/stats",
                "samtools/stats/01.sorted.flagstat",
                "samtools/stats/01.sorted.idxstats",
                "samtools/stats/01.sorted.stats",
                "samtools/stats/02.sorted.flagstat",
                "samtools/stats/02.sorted.idxstats",
                "samtools/stats/02.sorted.stats",
                "seqtk",
                "seqtk/01.seqtk_stats.tsv",
                "seqtk/02.seqtk_stats.tsv",
                "summaries",
                "summaries/mapping_summary.tsv",
                "summaries/processed_fastq-scan_summary.tsv",
                "summaries/raw_fastq-scan_summary.tsv",
                "summaries/read_stats_summary.tsv"
            ],
            [
                "01.fa:md5,17e6433115d1ad1b4ffdf384d783dc29",
                "02.fa:md5,9048642262df13a6fc427b2d971b7546",
                "01.filtered.vcf.gz:md5,ced07b77c22cba9a53f2815c0256aa29",
                "01.filtered.vcf.gz.tbi:md5,4cb176febbc8c26d717a6c6e67b9c905",
                "02.filtered.vcf.gz:md5,7e7c04e92033cfb373c511691dae53c5",
                "02.filtered.vcf.gz.tbi:md5,4cb176febbc8c26d717a6c6e67b9c905",
                "01.txt:md5,d41d8cd98f00b204e9800998ecf8427e",
                "02.txt:md5,d41d8cd98f00b204e9800998ecf8427e",
                "01.sorted.vcf.gz:md5,5998257ae03a4beb8931f67d8eed764f",
                "01.sorted.vcf.gz.tbi:md5,93413e333781d63d89023745e5ed4ed4",
                "02.sorted.vcf.gz:md5,b6eafab8154ecb0a7a9ee893dffcc54f",
                "02.sorted.vcf.gz.tbi:md5,4cb176febbc8c26d717a6c6e67b9c905",
                "01.bcftools_stats.txt:md5,71a4d86f777c160fd969b6382c2f5655",
                "02.bcftools_stats.txt:md5,e4d4ebc423228aa03e48babac21ccf44",
                "01.bed:md5,3610ca49fad02e567afc984e5ae0cce8",
                "02.bed:md5,37284f438898485550db0a584251e69f",
                "01.subtracted.bed:md5,3610ca49fad02e567afc984e5ae0cce8",
                "02.subtracted.bed:md5,37284f438898485550db0a584251e69f",
                "01.bowtie2.log:md5,81a5da4710835dc42e60430a92ad36e5",
                "02.bowtie2.log:md5,c352791c3bf8ae5ecc37ee8618716f68",
                "genome.fna.1.bt2:md5,829b755b64d0ca0edfeacffdebef1c0b",
                "genome.fna.2.bt2:md5,4845f032a953c5a4da5cdf49723eebd2",
                "genome.fna.3.bt2:md5,6d1095f738d00d1bde2dc4f954b33179",
                "genome.fna.4.bt2:md5,ab585b4ebed19b28fb670547aecdccf0",
                "genome.fna.rev.1.bt2:md5,a1cc6383eb8d90710502a540f87bfa13",
                "genome.fna.rev.2.bt2:md5,871b69582268b9404cb1884a401cdc39",
                "versions.yml:md5,f986bc29ed66b12ac01d6a64a13c3227",
                "01_test_1.fastp.html:md5,77e3843e6fa6a069f76576a5c8c99b91",
                "01_test_1.fastp.json:md5,200f46137ea23811d26f756e9cbc633c",
                "01_test_1.fastp.log:md5,da47c5a68d591c795a302a930503db0c",
                "02_test_2.fastp.html:md5,78636145d5ed1c0f68945fc69d4dc5bf",
                "02_test_2.fastp.json:md5,d79d41c98f5835ead398e63a9185facc",
                "02_test_2.fastp.log:md5,5fbbb767c45c35133888febdd030275c",
                "01_test_1_processed_1_fastqc.html:md5,b2327ae1715a8169942c99126b2f8dbd",
                "01_test_1_processed_1_fastqc.zip:md5,198e2c2a57347258ab6eddfc3e4e1e80",
                "01_test_1_processed_2_fastqc.html:md5,a4be338edad02af650571fead2a225e1",
                "01_test_1_processed_2_fastqc.zip:md5,9341885ca56f8c00e8e47920565e3f9f",
                "02_test_2_processed_1_fastqc.html:md5,ebe6a21831477e4d244208cdf455f2e3",
                "02_test_2_processed_1_fastqc.zip:md5,53c004c3f30c9b524ced1a432441e500",
                "02_test_2_processed_2_fastqc.html:md5,397100c73a84a419fbd2631d781cb4d3",
                "02_test_2_processed_2_fastqc.zip:md5,9505777b26366459e64cecb7faa336ef",
                "01_test_1_raw_1_fastqc.html:md5,2c11d2e70ed3ca42106d1ffaa753812c",
                "01_test_1_raw_1_fastqc.zip:md5,41bed910f3ce5e74b97f974ceed9b8f1",
                "01_test_1_raw_2_fastqc.html:md5,bbed35e4e0267f7b0d889a47be342120",
                "01_test_1_raw_2_fastqc.zip:md5,1ea438b21c3b284f199afe7d533630ca",
                "02_test_2_raw_1_fastqc.html:md5,e2a92f934b54d68da36a9454b6d53318",
                "02_test_2_raw_1_fastqc.zip:md5,504092823ad31ab4a129ce6df77beed1",
                "02_test_2_raw_2_fastqc.html:md5,263f1bafbd45d321bb8c34caaebb4ab8",
                "02_test_2_raw_2_fastqc.zip:md5,b2a4a24d0a171ff26dfc22964123ab06",
                "01_test_1.processed.json:md5,125efed1942221fbf536885fbf475e66",
                "02_test_2.processed.json:md5,78fbdb421671f255b1c0e12cfe0653a4",
                "01_test_1.raw.json:md5,39066d3164d2dbdc7a198468cacaf838",
                "02_test_2.raw.json:md5,3cb79d84ea9de94940e4d1799c0e1c2b",
                "01.filtered.norm.vcf.gz:md5,e905f8aace7118fd7c775e83d24b4cd9",
                "01.filtered.norm.vcf.gz.tbi:md5,4cb176febbc8c26d717a6c6e67b9c905",
                "02.filtered.norm.vcf.gz:md5,d97deb363c2dcba13e8a181a1fd5136c",
                "02.filtered.norm.vcf.gz.tbi:md5,4cb176febbc8c26d717a6c6e67b9c905",
                "01.vcf.gz:md5,5ea465b34918c42c67e4d8f7999614c7",
                "02.vcf.gz:md5,1dc400334499b315df22498b8c588bda",
                "genome.fna:md5,dafd38f5454b54fbea38245d773062a5",
                "genome.mmi:md5,76c23f17ce1cade4a054bf2763b081db",
                "fastp-insert-size-plot.txt:md5,162036bf69d2dc7386b43f2bdadac877",
                "fastp-seq-content-gc-plot_Read_1_After_filtering.txt:md5,4edee862ece4eecb5045589a36786591",
                "fastp-seq-content-gc-plot_Read_1_Before_filtering.txt:md5,e1ed0f20f9ee5f6e08a7e4deb49ceb35",
                "fastp-seq-content-gc-plot_Read_2_After_filtering.txt:md5,e96f6d5adfea94d5a3c1c1f69b9447fc",
                "fastp-seq-content-gc-plot_Read_2_Before_filtering.txt:md5,90b5d0855fa34315556fe0cbbb5b4ff3",
                "fastp-seq-content-n-plot_Read_1_After_filtering.txt:md5,9b2e257b68d6fcc7db96f0d8630dd1b7",
                "fastp-seq-content-n-plot_Read_1_Before_filtering.txt:md5,9b2e257b68d6fcc7db96f0d8630dd1b7",
                "fastp-seq-content-n-plot_Read_2_After_filtering.txt:md5,9b2e257b68d6fcc7db96f0d8630dd1b7",
                "fastp-seq-content-n-plot_Read_2_Before_filtering.txt:md5,353cfe0f9e9a15e5eb33e842755d9d4e",
                "fastp-seq-quality-plot_Read_1_After_filtering.txt:md5,4634d3dc04a6c471c3431947d300fef4",
                "fastp-seq-quality-plot_Read_1_Before_filtering.txt:md5,9dad9391b6b77bd6f4bf117e13370e8a",
                "fastp-seq-quality-plot_Read_2_After_filtering.txt:md5,1716923bf26234eea1e5eff9be484423",
                "fastp-seq-quality-plot_Read_2_Before_filtering.txt:md5,01f6e617cc8ed0d81678dff0fe09fe78",
                "fastp_filtered_reads_plot.txt:md5,b0bb82fc4a23564c834ef8c4f4706faf",
                "fastqc-1-status-check-heatmap.txt:md5,2958bbda783b97cef0b64530cbdbb01d",
                "fastqc-1_per_base_n_content_plot.txt:md5,ab8e8d876edde1e457b3153888c88107",
                "fastqc-1_per_base_sequence_quality_plot.txt:md5,9e8b520d210127656adab7a734f0191e",
                "fastqc-1_per_sequence_gc_content_plot_Counts.txt:md5,f1542e9e7398dda884460eaf46795ff5",
                "fastqc-1_per_sequence_gc_content_plot_Percentages.txt:md5,86db46ff07ff526eee61d9de82ed76c0",
                "fastqc-1_per_sequence_quality_scores_plot.txt:md5,67c58bd6be8e3404ebc1b438d9fcbf2c",
                "fastqc-1_sequence_counts_plot.txt:md5,93e8c72254cab3431a2230298d970619",
                "fastqc-1_sequence_duplication_levels_plot.txt:md5,c11a44d8967bcc3fd978b70c497dbd9a",
                "fastqc-status-check-heatmap.txt:md5,7d06360e828f3e153a0b21051d23911b",
                "fastqc_per_base_n_content_plot.txt:md5,ea371a265a80840751645c2476c98754",
                "fastqc_per_base_sequence_quality_plot.txt:md5,6362bc88473fc3c3e6d69a650fce6b3b",
                "fastqc_per_sequence_gc_content_plot_Counts.txt:md5,c8285b24c862d046d1dd1e5f8c4f1419",
                "fastqc_per_sequence_gc_content_plot_Percentages.txt:md5,d78f38d530511e784a915a1a1e587e72",
                "fastqc_per_sequence_quality_scores_plot.txt:md5,3e61d4e1bc67d2cf85c00d020f6a32a8",
                "fastqc_sequence_counts_plot.txt:md5,d1c81af14b6675c3f9f04125c1ecb484",
                "fastqc_sequence_duplication_levels_plot.txt:md5,e32366bc23f5fb89aa60ef7b0f29de03",
                "fastqc_sequence_length_distribution_plot.txt:md5,cb379474706e24255b725ac25b7d141e",
                "llms-full.txt:md5,17bbaebc278b8479d023d7606e18bc06",
                "multiqc.parquet:md5,e3c7ec53526a88f66c4aca145dcb6e3c",
                "multiqc_bcftools_stats_bcftools.txt:md5,356ce8604c4042691dad523ef4768e39",
                "multiqc_citations.txt:md5,57db2426be011862828d18f767d25b57",
                "multiqc_fastp.txt:md5,56d6d92282eff1929dc1d594df1cb9d8",
                "multiqc_fastqc.txt:md5,1dbca9f02b1b75f5df2ac02c81d78411",
                "multiqc_fastqc_fastqc-1.txt:md5,6fb9e3135beb3f43f193bdcb67d247b2",
                "multiqc_general_stats.txt:md5,7e1ff0593f1debb00f03f556197541b1",
                "multiqc_samtools_stats_samtools.txt:md5,bc33622a9e4c162e1cb0ff5cabede2a6",
                "samtools-stats-dp.txt:md5,4b8fe2e0db527dc98fc21d27f2df0e11",
                "samtools_alignment_plot.txt:md5,164ec8a3eceb8d56809f7970f1d0290b",
                "01.fa:md5,ec73cef39989caf8e39d94271a64612c",
                "02.fa:md5,5a1b47e59b09692f7ea9d35da64c0558",
                "aligned_pseudogenomes.fas:md5,bf5d42e4d26f61cbf702d30f140f74a8",
                "01.subsampled_1.fastq.gz:md5,67f961708debdc99dd25b6e45199bd5e",
                "01.subsampled_2.fastq.gz:md5,7d173d53ad835ed689ab7a5c5ac3d89b",
                "02.subsampled_1.fastq.gz:md5,c3a57b07c737ea41807a08e4d72d5100",
                "02.subsampled_2.fastq.gz:md5,900f282a3822240130b80b0ffd915652",
                "01_test_1.read_stats.csv:md5,ff40aaa6720a766448a3b8bde72f530f",
                "02_test_2.read_stats.csv:md5,c0186b0b0464a58d780334ebb63cc70a",
                "genome.fna.fai:md5,aa44b24652a42e538478dea3492480dd",
                "01.sorted.bam:md5,2182496d237e58f5c9e54057ce6ac785",
                "01.sorted.bam.bai:md5,194c81a937bc1defaffe2e0aa1ddd8e6",
                "02.sorted.bam:md5,5a07f35cf8efedded9bec741eab2c84f",
                "02.sorted.bam.bai:md5,40d3309085ab80106f2f0c67b5dab19d",
                "01.sorted.flagstat:md5,4f152687b9140a16a48856b0bb216289",
                "01.sorted.idxstats:md5,aa16d5da39ddbdc94dbeb52ed994c515",
                "01.sorted.stats:md5,fcd22c10723786252888ec9c5f47a14a",
                "02.sorted.flagstat:md5,23ce0492dce1ce77e1350aa1632b1da9",
                "02.sorted.idxstats:md5,0670671323b7d1f14f15625c3c179b9f",
                "02.sorted.stats:md5,76b87ccd13bd5d913deb3070063f92a7",
                "01.seqtk_stats.tsv:md5,589ff7dc5f0eec7f60c5a940b2500298",
                "02.seqtk_stats.tsv:md5,bd6fe576e5972d925ff4ec45fed17eee",
                "mapping_summary.tsv:md5,6107518dec4d9802ba35775df42f1e46",
                "processed_fastq-scan_summary.tsv:md5,2aa64d4dff6aa9f062872634a2d5c08b",
                "raw_fastq-scan_summary.tsv:md5,d175a5a6fde88f7275b7833eff01e454",
                "read_stats_summary.tsv:md5,e24c3bce8a36a7ca8924ed05e45b0ae8"
            ]
        ],
        "meta": {
            "nf-test": "0.9.3",
            "nextflow": "25.10.3"
        },
        "timestamp": "2026-02-03T17:23:29.845485"
    }
}